Karam was added
They are player number 1
Jérémie was added
They are player number 2
Quentin was added
They are player number 3
Karam is the current player
They have rolled a 6
Karam's new location is 6
The category is Sports
Sports Question 0
Answer was corrent!!!!
Karam now has 1 Gold Coins.
Jérémie is the current player
They have rolled a 6
Jérémie's new location is 6
The category is Sports
Sports Question 1
Answer was corrent!!!!
Jérémie now has 1 Gold Coins.
Quentin is the current player
They have rolled a 6
Quentin's new location is 6
The category is Sports
Sports Question 2
Answer was corrent!!!!
Quentin now has 1 Gold Coins.
Karam is the current player
They have rolled a 6
Karam's new location is 0
The category is Pop
Pop Question 0
Answer was corrent!!!!
Karam now has 2 Gold Coins.
Jérémie is the current player
They have rolled a 6
Jérémie's new location is 0
The category is Pop
Pop Question 1
Answer was corrent!!!!
Jérémie now has 2 Gold Coins.
